// Jest Snapshot v1, https://goo.gl/fbAQLP

exports[`react.js 1`] = `
Object {
  "extends": Array [
    "plugin:react/recommended",
    "plugin:jsx-a11y/recommended",
  ],
  "plugins": Array [
    "react",
    "react-hooks",
    "jsx-a11y",
  ],
  "rules": Object {
    "react-hooks/exhaustive-deps": "warn",
    "react-hooks/rules-of-hooks": "error",
  },
  "settings": Object {
    "react": Object {
      "version": "detect",
    },
  },
}
`;
