// Jest Snapshot v1, https://goo.gl/fbAQLP

exports[`style.js should create default configuration 1`] = `
Object {
  "extends": Array [
    "plugin:prettier/recommended",
    "prettier/react",
    "prettier/@typescript-eslint",
    "plugin:jest/style",
  ],
  "plugins": Array [
    "prettier",
    "jest",
  ],
  "rules": Object {
    "prettier/prettier": "error",
  },
}
`;
