// Jest Snapshot v1, https://goo.gl/fbAQLP

exports[`errors rules 1`] = `
Object {
  "rules": Object {
    "no-await-in-loop": "error",
    "no-console": "warn",
    "no-loss-of-precision": "error",
    "no-promise-executor-return": "off",
    "no-template-curly-in-string": "error",
    "no-unreachable-loop": "error",
    "no-use-before-define": Array [
      "error",
      "nofunc",
    ],
    "no-useless-backreference": "error",
    "require-atomic-updates": "off",
  },
}
`;
