// Jest Snapshot v1, https://goo.gl/fbAQLP

exports[`practices.js 1`] = `
Object {
  "rules": Object {
    "accessor-pairs": "warn",
    "array-callback-return": "error",
    "block-scoped-var": "error",
    "class-methods-use-this": "off",
    "complexity": Array [
      "error",
      10,
    ],
    "consistent-return": "error",
    "curly": "error",
    "default-case": "error",
    "default-case-last": "error",
    "default-param-last": "error",
    "dot-notation": "error",
    "eqeqeq": "error",
    "grouped-accessor-pairs": "off",
    "guard-for-in": "error",
    "max-classes-per-file": "error",
    "no-alert": "error",
    "no-caller": "error",
    "no-constructor-return": "error",
    "no-div-regex": "error",
    "no-else-return": "error",
    "no-empty-function": "off",
    "no-eq-null": "off",
    "no-eval": "error",
    "no-extend-native": "error",
    "no-extra-bind": "error",
    "no-extra-label": "error",
    "no-implicit-coercion": "off",
    "no-implicit-globals": "error",
    "no-implied-eval": "error",
    "no-invalid-this": "off",
    "no-iterator": "error",
    "no-label-var": "error",
    "no-labels": "error",
    "no-lone-blocks": "error",
    "no-loop-func": "error",
    "no-magic-numbers": "off",
    "no-multi-str": "error",
    "no-new": "error",
    "no-new-func": "error",
    "no-new-wrappers": "error",
    "no-nonoctal-decimal-escape": "off",
    "no-octal": "error",
    "no-octal-escape": "error",
    "no-param-reassign": "off",
    "no-proto": "error",
    "no-redeclare": "error",
    "no-restricted-globals": Array [
      "error",
      "event",
      "fdescribe",
    ],
    "no-restricted-properties": "off",
    "no-return-assign": "error",
    "no-return-await": "error",
    "no-script-url": "error",
    "no-self-compare": "error",
    "no-sequences": "error",
    "no-shadow": "error",
    "no-throw-literal": "error",
    "no-undef-init": "error",
    "no-undefined": "off",
    "no-unmodified-loop-condition": "error",
    "no-unused-expressions": "off",
    "no-useless-call": "error",
    "no-useless-computed-key": "error",
    "no-useless-concat": "error",
    "no-useless-return": "error",
    "no-void": "error",
    "no-warning-comments": "warn",
    "prefer-named-capture-group": "off",
    "prefer-promise-reject-errors": "off",
    "prefer-regex-literals": "off",
    "radix": "error",
    "require-await": "error",
    "require-unicode-regexp": "off",
    "strict": "error",
    "vars-on-top": "error",
    "yoda": Array [
      "error",
      "never",
    ],
  },
}
`;
