// Jest Snapshot v1, https://goo.gl/fbAQLP

exports[`style.js should create default configuration 1`] = `
Object {
  "extends": Array [
    "plugin:prettier/recommended",
    "prettier/react",
    "prettier/@typescript-eslint",
    "plugin:jest/style",
  ],
  "plugins": Array [
    "prettier",
    "jest",
  ],
  "rules": Object {
    "lines-around-comment": Array [
      "error",
      Object {
        "allowArrayEnd": false,
        "allowArrayStart": true,
        "allowObjectEnd": false,
        "allowObjectStart": true,
        "beforeBlockComment": true,
        "beforeLineComment": true,
      },
    ],
    "no-nested-ternary": "error",
    "no-unneeded-ternary": "error",
    "prefer-object-spread": "error",
    "prettier/prettier": "error",
    "sort-keys": Array [
      "error",
      "asc",
      Object {
        "caseSensitive": true,
        "minKeys": 5,
        "natural": false,
      },
    ],
    "space-before-blocks": "error",
  },
}
`;
